[netology.ru/navigation.html]
[api.mindbox.ru/assets/manifest.json]
[cdn.sales-ninja.me/userBundle.js]
[cdn-app.sberdevices.ru/shared-static/0.0.0/styles/SBSansDisplay.0.2.0.css]
[backblue.gif]
[fade.gif]
[index.html]
[cdn-app.sberdevices.ru/shared-static/0.0.0/styles/SBSansText.0.2.0.css]
[netology.ru/images/netology_share.png]
[netology.ru/apple-touch-icon.png]
[netology.ru/favicon-32x32.png]
[netology.ru/favicon-16x16.png]
[netology.ru/site.webmanifest]
[netology.ru/next-fonts/golos_text_regular.woff2]
[netology.ru/next-fonts/golos_text_medium.woff2]
[netology.ru/next-fonts/golos_text_demibold.woff2]
[netology.ru/next-fonts/golos_text_bold.woff2]
[netology.ru/_next/static/css/6ea9d1e4c04571ea.css]
[netology.ru/index.html]
[netology.ru/_next/static/css/9236c469239853ab.css]
[netology.ru/_next/static/css/75a3438236d8e06a.css]
[netology.ru/_next/static/css/f864dd9d37e8ae98.css]
[netology.ru/_next/static/css/6e522a818f4cec03.css]
[netology.ru/_next/static/css/bca466e1f33177bc.css]
[netology.ru/_next/static/css/6aa03316c5b634b6.css]
[netology.ru/navigation.html]
[cdn-app.sberdevices.ru/shared-static/0.0.0/styles/SBSansDisplay.0.2.0.css]
[cdn-app.sberdevices.ru/shared-static/0.0.0/styles/SBSansText.0.2.0.css]
[netology.ru/index.html]
[netology.ru/_next/static/css/6ea9d1e4c04571ea.css]
[netology.ru/_next/static/css/9236c469239853ab.css]
[netology.ru/_next/static/css/75a3438236d8e06a.css]
[netology.ru/_next/static/css/f864dd9d37e8ae98.css]
[netology.ru/_next/static/css/6e522a818f4cec03.css]
[netology.ru/_next/static/css/bca466e1f33177bc.css]
[netology.ru/_next/static/css/6aa03316c5b634b6.css]
[netology.ru/_next/static/media/aiSkillFilterIcon_46d770.svg]
[netology.ru/_next/static/media/aiSkillFilterIcon_46d770.svg]
