[netology.ru/index.html]
[netology.ru/images/netology_share.png]
[cdn.sales-ninja.me/userBundle.js]
[cdn-app.sberdevices.ru/shared-static/0.0.0/styles/SBSansDisplay.0.2.0.css]
[backblue.gif]
[fade.gif]
[index.html]
[cdn-app.sberdevices.ru/shared-static/0.0.0/styles/SBSansText.0.2.0.css]
[netology.ru/apple-touch-icon.png]
[netology.ru/favicon-32x32.png]
[netology.ru/favicon-16x16.png]
[netology.ru/site.webmanifest]
[netology.ru/next-fonts/golos_text_regular.woff2]
[netology.ru/next-fonts/golos_text_medium.woff2]
[netology.ru/next-fonts/golos_text_demibold.woff2]
[netology.ru/next-fonts/golos_text_bold.woff2]
[netology.ru/_next/static/css/9236c469239853ab.css]
[netology.ru/_next/static/css/6ea9d1e4c04571ea.css]
[netology.ru/_next/static/css/75a3438236d8e06a.css]
[netology.ru/_next/static/css/065cbe20fc74d99e.css]
[netology.ru/_next/static/css/96bcaf00a29232ba.css]
[netology.ru/_next/static/chunks/polyfills-42372ed130431b0a.js]
[code.jquery.com/jquery-3.7.1.min.js]
[netology.ru/_next/static/chunks/webpack-9a25d3d38f55d0b1.js]
[netology.ru/_next/static/chunks/framework-b0ec748c7a4c483a.js]
[netology.ru/_next/static/chunks/main-80017694bbb85699.js]
[netology.ru/_next/static/chunks/6498-c5f2935fb69e25ad.js]
[netology.ru/_next/static/chunks/3607-6b6848a623596d14.js]
[netology.ru/_next/static/chunks/838-c8a2bdfc7dcd79fb.js]
[netology.ru/_next/static/chunks/6066-0a6245a3e722aeab.js]
[netology.ru/_next/static/chunks/5675-d1e7b440fa994f62.js]
[netology.ru/_next/static/chunks/2030-9025aeae06acdb6d.js]
[netology.ru/_next/static/chunks/6261-ba920551569848ed.js]
[netology.ru/_next/static/chunks/9162-fb8b98fbca979fe9.js]
[netology.ru/_next/static/chunks/pages/_app-99f2362e906f4d6a.js]
[netology.ru/_next/static/chunks/5511-5762035507bdd887.js]
[netology.ru/_next/static/chunks/4747-df3634f773a9c09f.js]
[netology.ru/_next/static/chunks/4855-03a198e059fe6aeb.js]
[netology.ru/_next/static/chunks/pages/index-e8c9fe7e30f23bf6.js]
[netology.ru/_next/static/1413449/_buildManifest.js]
[netology.ru/_next/static/1413449/_ssgManifest.js]
[netology.ru/_next/static/media/slide4.203ea60e.webp]
[netology.ru/_next/static/media/slide1.06c5386d.webp]
[netology.ru/_next/static/media/slide2.95abc67e.webp]
[netology.ru/_next/static/media/slide3.54d136f3.webp]
[netology.ru/free.html]
[netology.ru/_next/static/media/card1_1e5036.svg]
[netology.ru/navigationc727.html]
[netology.ru/_next/static/media/card2_ade439.svg]
[netology.ru/free-start.html]
[netology.ru/_next/static/media/card3_745679.svg]
[netology.ru/_next/static/media/ai-image.ae874574.webp]
[netology.ru/navigationb466.html]
[netology.ru/_next/static/media/card4_d6f4bc.svg]
[netology.ru/programs/ai-courses.html]
[netology.ru/_next/static/media/mastersDegreeImage.03328914.webp]
[netology.ru/degree.html]
[netology.ru/_next/static/media/card5_e6e1ec.svg]
[netology.ru/programs/b2b.html]
[netology.ru/_next/static/media/corporateTrainingImage.4f63f6cc.webp]
[netology.ru/development.html]
[netology.ru/data-science.html]
[netology.ru/design.html]
[netology.ru/management.html]
[netology.ru/marketing.html]
[netology.ru/finance.html]
[netology.ru/marketplaces.html]
[netology.ru/_next/static/media/img2.0c2e1610.webp]
[netology.ru/navigation.html]
[netology.ru/navigation/professii-s-neyrosetyami.html]
[netology.ru/medicina.html]
[netology.ru/_next/static/media/img1.84d3f472.webp]
[netology.ru/_next/static/media/img6.e5825a2f.webp]
[netology.ru/navigation/neyroseti.html]
[netology.ru/navigation/sozdavat-sayty.html]
[netology.ru/_next/static/media/img5.863f0baa.webp]
[netology.ru/_next/static/media/img4.46d82158.webp]
[netology.ru/_next/static/media/img9.061d867a.webp]
[netology.ru/navigation/rabotat-udalenno.html]
[netology.ru/navigation/samorazvitiye.html]
[netology.ru/_next/static/media/img3.67037277.webp]
[netology.ru/navigation/stat-frilanserom.html]
[netology.ru/_next/static/media/img8.79bff420.webp]
[netology.ru/navigation/rabotat-s-marketpleysami.html]
[netology.ru/_next/static/media/img10.e94e7ece.webp]
[netology.ru/navigation/zarabatyvat-v-internete.html]
[netology.ru/_next/static/media/img7.a7076788.webp]
[netology.ru/navigation/vyrasti-v-professii.html]
[netology.ru/_next/static/media/img11.c7612773.webp]
[netology.ru/navigation/rabotat-na-sebya-predprinimatelstvo.html]
[netology.ru/navigation/prevratit-tvorchestvo-v-professiyu.html]
[netology.ru/_next/static/media/img12.d8235570.webp]
[netology.ru/_next/static/media/cards.189790f0.webp]
[netology.ru/_next/static/media/figures.ad6b28f6.webp]
[netology.ru/videoForBrandVideo.mp4]
[netology.ru/_next/static/media/image_1.45cd868c.webp]
[netology.ru/_next/static/media/image_2.b97ef1bd.webp]
[netology.ru/_next/static/media/image_3.25347ff7.webp]
[netology.ru/navigation/voyti-v-geymdev-geymindustriyu.html]
[netology.ru/_next/static/media/review_1.e5374d03.webp]
[netology.ru/_next/static/media/review_2.b2bf53c0.webp]
[netology.ru/_next/static/media/review_3.33323449.webp]
[netology.ru/_next/static/media/review_4.821df4d4.webp]
[netology.ru/_next/static/media/review_5.71555f91.webp]
[netology.ru/_next/static/media/review_6.7a5882a7.webp]
[netology.ru/netologyapp.html]
[netology.ru/sub.html]
[netology.ru/about.html]
[netology.ru/affiliate.html]
[netology.ru/experts.html]
[netology.ru/index0df1.html]
[netology.ru/netology-team.html]
[netology.ru/job.html]
[netology.ru/contacts.html]
[netology.ru/official-info.html]
[netology.ru/legal.html]
[netology.ru/tests.html]
[netology.ru/popular.html]
[netology.ru/soft-skills.html]
[netology.ru/creative.html]
[netology.ru/new-courses.html]
[netology.ru/otzyvy.html]
[netology.ru/gamedesign-academy.html]
[netology.ru/lifestyle-hobby.html]
[netology.ru/edmarket.html]
[netology.ru/kolledzh.html]
[netology.ru/partnership.html]
[netology.ru/students.html]
[netology.ru/glossariy.html]
[netology.ru/learn-to-help.html]
[netology.ru/programs/discipliny-i-moduli.html]
[netology.ru/index.html]
[cdn-app.sberdevices.ru/shared-static/0.0.0/styles/SBSansDisplay.0.2.0.css]
[cdn-app.sberdevices.ru/shared-static/0.0.0/styles/SBSansText.0.2.0.css]
[netology.ru/community.html]
[netology.ru/license.html]
[netology.ru/_next/static/media/YandexSansText-Thin.6f751e9ed41d.eot]
[netology.ru/_next/static/media/YandexSansText-Thin.5b7b5649.woff2]
[netology.ru/_next/static/media/YandexSansText-Thin.6f751e9e.eot]
[netology.ru/_next/static/media/YandexSansText-Thin.e545d23f.woff]
[netology.ru/_next/static/media/YandexSansText-RegularItalic.54da46ad.eot]
[netology.ru/_next/static/media/YandexSansText-Thin.9f90edb3.ttf]
[netology.ru/_next/static/media/YandexSansText-RegularItalic.54da46add41d.eot]
[netology.ru/_next/static/media/YandexSansText-RegularItalic.394e29b2.woff2]
[netology.ru/_next/static/media/YandexSansText-RegularItalic.1d88c075.woff]
[netology.ru/_next/static/media/YandexSansText-Regular.b0e00e2d.eot]
[netology.ru/_next/static/media/YandexSansText-RegularItalic.384be69e.ttf]
[netology.ru/_next/static/media/YandexSansText-Regular.ce22e6ad.woff2]
[netology.ru/_next/static/media/YandexSansText-Regular.b0e00e2dd41d.eot]
[netology.ru/_next/static/media/YandexSansText-Regular.9ef033fb.woff]
[netology.ru/_next/static/media/YandexSansText-Light.89b5cb57.eot]
[netology.ru/_next/static/media/YandexSansText-Light.89b5cb57d41d.eot]
[netology.ru/_next/static/media/YandexSansText-Light.c02eb7df.woff2]
[netology.ru/_next/static/media/YandexSansText-Regular.f2a5fe1d.ttf]
[netology.ru/_next/static/media/YandexSansText-Light.0ca02a0a.woff]
[netology.ru/_next/static/media/YandexSansText-Bold.966f6afad41d.eot]
[netology.ru/_next/static/media/YandexSansText-Bold.bfb27ab5.woff2]
[netology.ru/_next/static/media/YandexSansText-Bold.966f6afa.eot]
[netology.ru/_next/static/media/YandexSansText-Light.b2c57d55.ttf]
[netology.ru/_next/static/media/YandexSansText-Bold.b52e29e5.woff]
[netology.ru/_next/static/media/YandexSansText-Medium.2bb90320.eot]
[netology.ru/_next/static/media/YandexSansText-Bold.67669dce.ttf]
[netology.ru/_next/static/media/YandexSansText-Medium.23ab3ad2.woff2]
[netology.ru/_next/static/media/YandexSansText-Medium.2bb90320d41d.eot]
[netology.ru/_next/static/media/YandexSansText-Medium.1afeb86c.woff]
[netology.ru/_next/static/media/YandexSansText-Medium.2983316a.ttf]
[netology.ru/_next/static/media/svg_arrows.43ee776d.ttf]
[netology.ru/_next/static/media/roboto_mono_cyr_ext.29367c48.woff2]
[netology.ru/_next/static/media/roboto_mono_cyr.ddb2a39b.woff2]
[netology.ru/_next/static/media/roboto_mono_lat_ext.6c4b3f11.woff2]
[netology.ru/_next/static/media/roboto_mono_lat.c2dff585.woff2]
[netology.ru/_next/static/media/svg_common.fe64a5f1.ttf]
[netology.ru/_next/static/media/svg_menu.32a0d42d.ttf]
[netology.ru/_next/static/media/partners.50e62142.ttf]
[netology.ru/_next/static/media/svg_social.b6bee00f.ttf]
[netology.ru/_next/static/media/peacesans.9bee2a4a.ttf]
[netology.ru/next-fonts/golos_text_regular.woff]
[netology.ru/next-fonts/golos_text_medium.woff]
[netology.ru/next-fonts/golos_text_demibold.woff]
[netology.ru/next-fonts/golos_text_bold.woff]
[netology.ru/next-fonts/sans_display/sans_display_thin.woff2]
[netology.ru/next-fonts/sans_display/sans_display_thin.woff]
[netology.ru/next-fonts/sans_display/sans_display_light.woff2]
[netology.ru/next-fonts/sans_display/sans_display_light.woff]
[netology.ru/next-fonts/sans_display/sans_display_regular.woff2]
[netology.ru/next-fonts/sans_display/sans_display_regular.woff]
[netology.ru/next-fonts/sans_display/sans_display_medium.woff2]
[netology.ru/next-fonts/sans_display/sans_display_medium.woff]
[netology.ru/next-fonts/sans_display/sans_display_semibold.woff2]
[netology.ru/next-fonts/sans_display/sans_display_semibold.woff]
[netology.ru/next-fonts/sans_display/sans_display_bold.woff2]
[netology.ru/next-fonts/sans_display/sans_display_bold.woff]
[netology.ru/_next/static/media/circe_bold.e473da65.woff2]
[netology.ru/_next/static/media/circe_bold.decd04f4.woff]
[netology.ru/_next/static/media/circe_light.4c608409.woff2]
[netology.ru/_next/static/media/circe_light.5ae9b092.woff]
[netology.ru/_next/static/media/circe_extra_light.7f98491e.woff2]
[netology.ru/_next/static/media/circe_extra_light.bf414fa4.woff]
[netology.ru/_next/static/media/circe_regular.6cd72b88.woff2]
[netology.ru/_next/static/media/circe_regular.0f730a74.woff]
[netology.ru/_next/static/media/circe_extra_bold.b9ccb957.woff2]
[netology.ru/_next/static/media/circe_extra_bold.bfdfa86f.woff]
[netology.ru/_next/static/media/GothaProBla.66e00516.ttf]
[netology.ru/_next/static/media/GothaProMed.3f40f588.ttf]
[netology.ru/_next/static/media/ptmono_regular.97eb0348.ttf]
[netology.ru/_next/static/media/ChalkboardSE-Regular.e4de83af.ttf]
[netology.ru/_next/static/css/6ea9d1e4c04571ea.css]
[netology.ru/_next/static/css/9236c469239853ab.css]
[netology.ru/_next/static/css/75a3438236d8e06a.css]
[netology.ru/_next/static/media/birthday_darktheme_375+.14a061b9.svg]
[netology.ru/_next/static/media/birthday_darktheme_768+.769c3389.svg]
[netology.ru/_next/static/media/birthday_darktheme_1024+.66989a47.svg]
[netology.ru/_next/static/media/logo-black-simple.85ea2b98.svg]
[netology.ru/_next/static/media/logo-black.d3197704.svg]
[netology.ru/_next/static/media/logo-black-text.46291bdc.svg]
[netology.ru/_next/static/media/logo-black-b2b.a029ffb8.svg]
[netology.ru/_next/static/media/logo-black-neo.3cebfcab.svg]
[netology.ru/_next/static/media/logo-black-pro.7c8af8ef.svg]
[netology.ru/_next/static/media/logo-black-top.79ea8145.svg]
[netology.ru/_next/static/media/logo-new-year.f45664d0.svg]
[netology.ru/_next/static/media/logo-color.ca4ded3f.svg]
[netology.ru/_next/static/media/logo-color-text.4dee5fa5.svg]
[netology.ru/_next/static/media/logo-color-b2b.a8f5d6c9.svg]
[netology.ru/_next/static/media/logo-color-neo.5daf6560.svg]
[netology.ru/_next/static/media/logo-color-pro.ce0292cc.svg]
[netology.ru/_next/static/media/logo-color-top.9eb13dca.svg]
[netology.ru/_next/static/media/logo-white.db90bfc0.svg]
[netology.ru/_next/static/media/logo-white-text.13a556bb.svg]
[netology.ru/_next/static/media/logo-white-b2b.cff25898.svg]
[netology.ru/_next/static/media/logo-white-neo.4c49b74d.svg]
[netology.ru/_next/static/media/logo-white-pro.af3e2e35.svg]
[netology.ru/_next/static/media/logo-white-top.ce307c69.svg]
[netology.ru/_next/static/media/QR-Code.d9da0ee5.webp]
[netology.ru/_next/static/media/vk.d9b6d067.svg]
[netology.ru/_next/static/media/ok.1ae9ed64.svg]
[netology.ru/_next/static/media/tenchat.158c4bf1.svg]
[netology.ru/_next/static/media/gift.834e545c.svg]
[netology.ru/_next/static/media/skolkovo_green.4d8eb53a.png]
[netology.ru/_next/static/media/license_footer.cd36a299.svg]
[netology.ru/_next/static/media/beta.9cc759ea.svg]
[netology.ru/_next/static/media/new.0c9ea387.svg]
[netology.ru/_next/static/media/favorite.55852529.svg]
[netology.ru/_next/static/media/logo_1.54df2e48.svg]
[netology.ru/_next/static/media/logo_2.a82bcff5.svg]
[netology.ru/_next/static/media/logo_3.c39b9cf3.svg]
[netology.ru/_next/static/media/logo_4.ec14e9bb.svg]
[netology.ru/_next/static/media/birthday_whitetheme_768+.a1891f11.svg]
[netology.ru/_next/static/media/birthday_whitetheme_1024+.d6c6ba43.svg]
[netology.ru/_next/static/media/birthday_whitetheme_375+.6dcd2484.svg]
[netology.ru/_next/static/media/logo-black-september.4caa13c7.svg]
[netology.ru/_next/static/media/logo-white-september.de73ab74.svg]
[netology.ru/_next/static/media/logo-white.71a62a7f.svg]
[netology.ru/_next/static/media/lock-content.c85356b4.svg]
[netology.ru/_next/static/media/play.442c3a9c.png]
[netology.ru/_next/static/css/065cbe20fc74d99e.css]
[netology.ru/_next/static/media/user.e121d63c.svg]
[netology.ru/_next/static/media/black_text.897a672e.svg]
[netology.ru/_next/static/media/new_catalog_star.1de0bc96.svg]
[netology.ru/_next/static/media/star.13ac62ed.svg]
[netology.ru/_next/static/media/star.997ec9f1.svg]
[netology.ru/_next/static/media/free_star.d4350704.svg]
[netology.ru/_next/static/media/white_text.acac56fa.svg]
[netology.ru/_next/static/media/promocode_bg.020da816.webp]
[netology.ru/_next/static/css/96bcaf00a29232ba.css]
[netology.ru/_next/static/css/824c731af5c34f41.css]
[netology.ru/_next/static/css/19aee053044661cf.css]
[netology.ru/_next/static/chunks/6231-41fc0b00119bb43a.js]
[netology.ru/_next/static/chunks/2679-2a83d622da30678a.js]
[netology.ru/_next/static/chunks/4552-7d7a2ae844d751d6.js]
[netology.ru/_next/static/chunks/5834-1fe0aec093745869.js]
[netology.ru/_next/static/chunks/1027-34bdf361d140cfb5.js]
[netology.ru/_next/static/chunks/pages/free/[[...direction]]-4c29b6ff18d5696c.js]
[netology.ru/free/design.html]
[netology.ru/free/management.html]
[netology.ru/free/marketing.html]
[netology.ru/free/development.html]
[netology.ru/free/data-science.html]
[netology.ru/free/degree.html]
[netology.ru/free/b2b.html]
[netology.ru/free/new-courses.html]
[netology.ru/free/lifestyle-hobby.html]
[netology.ru/free/medicine.html]
[netology.ru/free/career.html]
[netology.ru/programs/ai-specialist-bp-demo.html]
[u.netology.ru/backend/uploads/showcase/cards/image_file/1796/Дизайнер_среды_и_интерьера_2_.png]
[u.netology.ru/backend/uploads/showcase/cards/image_file/1781/обложка_БП_Креативные_индустрии_для_витрины_фри.png]
[netology.ru/programs/testirovshchik.html]
[netology.ru/programs/osnovy-sketchup.html]
[u.netology.ru/backend/uploads/showcase/cards/image_file/1778/обложка_БП_ИИ_витрина_фри.png]
[netology.ru/programs/pyat-professij-v-dizajne.html]
[netology.ru/programs/programmers-aiwd-bp.html]
[u.netology.ru/backend/uploads/showcase/cards/image_file/1776/обложка_БП_программирование_витрина_фри.png]
[u.netology.ru/backend/uploads/showcase/cards/image_file/1774/обложка_БП_аналитика_витрина_фри_2_.png]
[netology.ru/programs/programmers-ai-bp.html]
[u.netology.ru/backend/uploads/showcase/cards/image_file/1797/Дизайнер_среды_и_интерьера_2_.png]
[u.netology.ru/backend/uploads/showcase/cards/image_file/1795/vitrina_bp_testirovshchik__1_.png]
[netology.ru/programs/analytics-ai-bp.html]
[u.netology.ru/backend/uploads/showcase/cards/image_file/1792/Спец_по_ИИ_2_.png]
[netology.ru/programs/graphic-design-bp-demo.html]
[netology.ru/free-lessons/konsultatsya-vi-finansy-i-analiz-dannyh.html]
[netology.ru/free-lessons/konsultatsya-vi-menedzhment.html]
[netology.ru/free-lessons/konsultatsya-vi-digital_marketing_bhe.html]
[netology.ru/free-lessons/konsultatsya-vi-itd-project.html]
[netology.ru/free-lessons/konsultatsya-vi-legaltekh.html]
[netology.ru/free-lessons/onlajn_magistratury_analitika-dannyh_i-ii_v_psihologii.html]
[netology.ru/programs/practical_psychology_quiz.html]
[netology.ru/legal/705.html]
[netology.ru/free.html]
[netology.ru/legal/6.html]
[netology.ru/free0df1.html]
[netology.ru/_next/static/css/e17dea988c6db0e6.css]
[netology.ru/_next/static/css/bca466e1f33177bc.css]
[netology.ru/_next/static/css/6aa03316c5b634b6.css]
[netology.ru/_next/static/chunks/8208-c26f33fe65e08351.js]
[netology.ru/_next/static/chunks/1584-63458e6f1d8774f5.js]
[netology.ru/_next/static/chunks/5012-78bb03976b8f2c73.js]
[netology.ru/_next/static/chunks/3662-138ec62d8bf9b881.js]
[netology.ru/_next/static/chunks/7572-c0590dddbfdf6880.js]
[netology.ru/_next/static/chunks/1754-61d9cdeda602900d.js]
[netology.ru/_next/static/chunks/pages/navigation/[[...skill]]-f6e757df346f6c72.js]
[netology.ru/_next/static/media/aiSkillFilterIcon_46d770.svg]
[netology.ru/programs/specialist-po-iskusstvennomu-intellektu.html]
[netology.ru/programs/developer1c_ultimate.html]
[netology.ru/programs/senior-internet-marketer.html]
[netology.ru/programs/agin.html]
[netology.ru/programs/fullstack-devops.html]
[netology.ru/programs/programs-aiarchitect.html]
[netology.ru/programs/informationsecurity.html]
[netology.ru/programs/automation-engineer.html]
[netology.ru/programs/analitik-marketpleisov.html]
[netology.ru/programs/graphic-design-ultimate.html]
[netology.ru/programs/ai-manager.html]
[netology.ru/programs/product-design.html]
[netology.ru/programs/qa-middle.html]
[netology.ru/programs/mit-project.html]
[netology.ru/programs/metodolog-obrazovatelnyh-programm-sinhron.html]
[netology.ru/programs/data_analyst_ultimate.html]
[netology.ru/programs/ml-engineer.html]
[netology.ru/programs/scenarnoye-masterstvo.html]
[netology.ru/programs/accountant.html]
[netology.ru/programs/professiya-menezher-marketplejsov.html]
[netology.ru/programs/ml-inzhener-specializaciya-cv-inzhener-s-nulya.html]
[netology.ru/programs/ai-creative.html]
[netology.ru/programs/video-editing-ultimate.html]
[netology.ru/programs/designer-communication.html]
[netology.ru/programs/1c-analitik-s-nulya-do-middle.html]
[netology.ru/programs/product-ultimate.html]
[netology.ru/programs/qa.html]
[netology.ru/programs/biohaking.html]
[netology.ru/programs/sysadmin.html]
[netology.ru/programs/aida.html]
[netology.ru/programs/python.html]
[netology.ru/programs/menedger-marketplace.html]
[netology.ru/programs/professiya-psykholog.html]
[netology.ru/programs/seo-specialist.html]
[netology.ru/programs/sistemnyj-i-biznes-analitik.html]
[netology.ru/programs/dizajner-intererov.html]
[netology.ru/programs/photographer.html]
[netology.ru/programs/chat-gpt.html]
[netology.ru/programs/prompt-inzhener.html]
[netology.ru/programs/family_psychology.html]
[netology.ru/programs/analytics-dwh.html]
[netology.ru/programs/excel.html]
[netology.ru/programs/landshaftnyj-dizajner-ultimate.html]
[netology.ru/programs/umrplp.html]
[netology.ru/programs/smm-specialist.html]
[netology.ru/programs/trading.html]
[netology.ru/programs/nutritionist.html]
[netology.ru/programs/hr-manager.html]
[netology.ru/programs/distance-course-internet-marketing.html]
[netology.ru/programs/data-analyst.html]
[netology.ru/programs/illustration.html]
[netology.ru/programs/specialist-po-iskusstvennomu-intellektu-pro.html]
[netology.ru/programs/prodatascience.html]
[netology.ru/programs/smm-specialist-ai.html]
[netology.ru/programs/illustration-ultimate.html]
[netology.ru/programs/video-editing.html]
[netology.ru/programs/operations_management.html]
[netology.ru/programs/business-analytics-online.html]
[netology.ru/programs/sound-design.html]
[netology.ru/programs/gamedesigner.html]
[netology.ru/programs/economist.html]
[netology.ru/programs/power-bi.html]
[netology.ru/programs/java-developer.html]
[netology.ru/programs/sales-manager-online.html]
[netology.ru/programs/ai-coding.html]
[netology.ru/programs/3d-generalist.html]
[netology.ru/programs/financial_director.html]
[netology.ru/programs/developer1c.html]
[netology.ru/programs/devops.html]
[netology.ru/programs/target-smm-full.html]
[netology.ru/programs/metodist-online-obucheniya.html]
[netology.ru/programs/systems-analyst.html]
[netology.ru/programs/data-hrda.html]
[netology.ru/programs/design-digital.html]
[netology.ru/programs/landshaftnyj-dizajner.html]
[netology.ru/programs/menedzher-avito.html]
[netology.ru/programs/target-smm.html]
[netology.ru/programs/animator-multiplikator.html]
[netology.ru/programs/3d-artist.html]
[netology.ru/programs/data-engineer.html]
[netology.ru/programs/ii-v-medicine-vrach.html]
[netology.ru/programs/ultimate-copywriter-full.html]
[netology.ru/programs/sql-lessons.html]
[netology.ru/programs/brandmanagement.html]
[netology.ru/programs/1c-analyst.html]
[netology.ru/programs/business_process_manager.html]
[netology.ru/programs/direct-course.html]
[netology.ru/programs/network-engineer.html]
[netology.ru/programs/praktika-soft-skills-selfcourse.html]
[netology.ru/programs/cv-inzhener.html]
[netology.ru/programs/profession-product.html]
[netology.ru/programs/metodist-online-obucheniya-pro.html]
[netology.ru/programs/ai-marketing.html]
[netology.ru/programs/data-scientist.html]
[netology.ru/programs/ai-finance.html]
[netology.ru/programs/professiya_financial_analyst.html]
[netology.ru/programs/excelpbi.html]
[netology.ru/programs/fullstack-python-dev.html]
[netology.ru/programs/financial_manager.html]
[netology.ru/programs/vfx.html]
[netology.ru/programs/content-marketing.html]
[netology.ru/programs/web-designer.html]
[netology.ru/programs/lider-base.html]
[netology.ru/programs/android-app.html]
[netology.ru/programs/python-for-analytics.html]
[netology.ru/programs/start-your-business.html]
[netology.ru/programs/front-end-basic.html]
[netology.ru/programs/fitness-instructor.html]
[netology.ru/programs/airazrab.html]
[netology.ru/programs/effektivnye-kommunikacii.html]
[netology.ru/programs/upravlenie-proektami-it.html]
[netology.ru/programs/unity-developer.html]
[netology.ru/programs/imok-marketing.html]
[netology.ru/programs/deep-learning.html]
[netology.ru/programs/marketing-director.html]
[netology.ru/programs/medicine-marketing.html]
[netology.ru/programs/professiya-analitik-dannyh-mfti.html]
[netology.ru/programs/go.html]
[netology.ru/programs/python-basic.html]
[netology.ru/programs/devsecops.html]
[netology.ru/programs/best_sales.html]
[netology.ru/programs/veb-razrabotchik-s-nulya-professiya-s-vyborom-specializacii.html]
[netology.ru/programs/top-manager.html]
[netology.ru/programs/product-design-ultimate.html]
[netology.ru/programs/tekhnika-rechi.html]
[netology.ru/programs/health-kouch.html]
[netology.ru/programs/glav_buh.html]
[netology.ru/programs/soft-skills-dlya-optimizacii-biznes-processov.html]
[netology.ru/programs/ai-marketplaces.html]
[netology.ru/programs/ai-product-basic.html]
[netology.ru/programs/ai-creator.html]
[netology.ru/programs/unit-eco.html]
[netology.ru/programs/cpp-developer.html]
[netology.ru/programs/marketing-internet-magazinov.html]
[netology.ru/programs/ios-developer.html]
[netology.ru/programs/business_tracker.html]
[netology.ru/programs/bpmn-not.html]
[netology.ru/programs/managers-career.html]
[netology.ru/programs/golpro.html]
[netology.ru/programs/analyst-bi.html]
[netology.ru/programs/critical_thinking_new.html]
[netology.ru/programs/react.html]
[netology.ru/programs/defi.html]
[netology.ru/programs/ukrasheniya.html]
[netology.ru/programs/unreal-engine-s-nulya.html]
[netology.ru/programs/context-course.html]
[netology.ru/programs/digital-pr.html]
[netology.ru/programs/healthy-nutritionist.html]
[netology.ru/programs/nodejs.html]
[netology.ru/programs/ux-analytics.html]
[netology.ru/programs/machine-learn.html]
[netology.ru/programs/supn.html]
[netology.ru/programs/kompyuternoe-zrenie-i-ai-dlya-bas.html]
[netology.ru/programs/rasteniya.html]
[netology.ru/programs/vystupaj_s_ai.html]
[netology.ru/programs/yoga.html]
[netology.ru/programs/green.html]
[netology.ru/programs/sql-for-data-analysis.html]
[netology.ru/programs/tg.html]
[netology.ru/programs/trenazher_golosa_i_rechi.html]
[netology.ru/programs/nalogi-marafon.html]
[netology.ru/programs/agile-for-all.html]
[netology.ru/programs/ii-in-psychology.html]
[netology.ru/programs/kouching.html]
[netology.ru/programs/tajm-menedzhment-i-upravlenie-resursami.html]
[netology.ru/programs/personal-investments.html]
[netology.ru/programs/rasskazhi_interesno.html]
[netology.ru/programs/work-life-balance.html]
[netology.ru/programs/django.html]
[netology.ru/programs/legaltech.html]
[netology.ru/programs/finansy-i-analiz-dannyh.html]
[netology.ru/programs/dizajner-mobilnyh-prilozhenij.html]
[netology.ru/programs/product_design_magistratura.html]
[netology.ru/programs/b2b-lider-360.html]
[netology.ru/programs/vystupleniya-praktikum.html]
[netology.ru/programs/uxcw-personal.1fe.delayed]
[netology.ru/programs/samoprezentaciya_dlya_vsekh.html]
[netology.ru/programs/designer-presentation.html]
[netology.ru/programs/risk-management.html]
[netology.ru/programs/neyroseti-dlya-pedagoga.html]
[netology.ru/programs/project.html]
[netology.ru/programs/dizayn_sredy.html]
[netology.ru/programs/operator-dronov-grazhdanskogo-naznacheniya.html]
[netology.ru/programs/revers-inzhiniring-pp.html]
[netology.ru/programs/upravlenie-proizvodstvennymi-dogovorami.html]
[netology.ru/programs/data-analytics-specialist.html]
[netology.ru/programs/modern-investor.html]
[netology.ru/programs/agilepro.html]
[netology.ru/programs/inzhener-po-ruchnomu-testirovaniu.html]
[netology.ru/programs/montazhnik-sistem-umnyj-dom-pp.html]
[netology.ru/programs/upravlenie-produktom-rudn.html]
[netology.ru/programs/scrum_master.html]
[netology.ru/programs/productoviy-marketolog.html]
[netology.ru/programs/inzheneriya-mashinnogo-obucheniya.html]
[netology.ru/programs/programmnaya-inzheneriya-tsifrovykh-resheniy.html]
[netology.ru/programs/prikladnoj-iskusstvennyj-intellekt.html]
[netology.ru/programs/cybersec.html]
[netology.ru/programs/dataengineering.html]
[netology.ru/programs/cifrovye-produkty-sozdanie-i-razvitie-ranh.html]
[netology.ru/programs/digital_marketing_bhe.html]
[netology.ru/programs/razrabotka-it-produktov-i-informacionnyh-sistem.html]
[netology.ru/programs/full-stack-razrabotka.html]
[netology.ru/programs/menedzhment.html]
[netology.ru/programs/sistemnyy-analiz-i-upravleniya-biznes-protsessami.html]
[netology.ru/programs/mediakommunikatsii.html]
[netology.ru/programs/bekend-razrabotka-i-arkhitektura.html]
[netology.ru/programs/tsifrovoy-dizayn.html]
[netology.ru/programs/dizain-interfeisov.html]
[netology.ru/programs/analitika-dannyh-i-ispolzovanie-iskusstvennogo-intellekta-v-psihologii.html]
[netology.ru/programs/razrabotchik-na-python-s-mfti.html]
[netology.ru/programs/razrabotka-it-produkta-iskusstvennyj-intellekt.html]
[netology.ru/programs/prikladnaya-psikhologiya-i-upravleniye-personalom.html]
[netology.ru/programs/psikhologiya-upravleniya-i-tsifrovyye-tekhnologii-v-hr.html]
[netology.ru/programs/rukovoditel-proektov-v-oblasti-iskusstvennogo-intellekta-dpo-mfti.html]
[netology.ru/programs/aid.html]
[netology.ru/programs/financial_basic.html]
[netology.ru/programs/data-foundation.html]
[netology.ru/programs/kak-nachat-prodavat-na-marketpleisah.html]
[netology.ru/programs/web-ux-ui-design-free.html]
[netology.ru/programs/webpsy.html]
[netology.ru/programs/kak-vrachu-izbavitsya-ot-sindroma-samozvanca.html]
[netology.ru/programs/practicum-conflictnyi-pacient.html]
[netology.ru/programs/marafon-ii-v-medicine.html]
[netology.ru/programs/accountant-free.html]
[netology.ru/programs/1c-programmist-pervie-shagi-v-professiu.html]
[netology.ru/programs/marketing-start.html]
[netology.ru/programs/demo_professiya-psykholog.html]
[netology.ru/programs/meme.html]
[netology.ru/programs/neyrosety-for-all.html]
[netology.ru/programs/prover-effektivnost-administratorov.html]
[netology.ru/programs/kariera-vracha-perezagruzka.html]
[netology.ru/navigationc727.html]
[netology.ru/_next/static/media/arrow_3db9e9.svg]
[netology.ru/_next/static/media/card1_1e5036.svg]
[netology.ru/navigation0df1.html]
