[netology.ru/programs/front-end-basic.html]
[api.mindbox.ru/assets/manifest.json]
[cdn.sales-ninja.me/userBundle.js]
[cdn-app.sberdevices.ru/shared-static/0.0.0/styles/SBSansDisplay.0.2.0.css]
[backblue.gif]
[fade.gif]
[index.html]
[cdn-app.sberdevices.ru/shared-static/0.0.0/styles/SBSansText.0.2.0.css]
[u.netology.ru/backend/uploads/page_assets/images/file/95420/desktop_bg_oca.svg]
[u.netology.ru/backend/uploads/page_assets/images/file/95187/mobile_bg-onecmid_b.svg]
[netology.ru/images/netology_share.png]
[netology.ru/apple-touch-icon.png]
[netology.ru/favicon-32x32.png]
[netology.ru/favicon-16x16.png]
[netology.ru/site.webmanifest]
[netology.ru/next-fonts/golos_text_regular.woff2]
[netology.ru/next-fonts/golos_text_medium.woff2]
[netology.ru/next-fonts/golos_text_demibold.woff2]
[netology.ru/next-fonts/golos_text_bold.woff2]
[netology.ru/_next/static/css/6ea9d1e4c04571ea.css]
[netology.ru/index.html]
[netology.ru/_next/static/css/9236c469239853ab.css]
[netology.ru/_next/static/css/75a3438236d8e06a.css]
[netology.ru/_next/static/css/824c731af5c34f41.css]
[netology.ru/_next/static/css/eb7f74ab64b8c568.css]
[netology.ru/_next/static/css/f864dd9d37e8ae98.css]
[netology.ru/_next/static/css/bbcee5504bf22339.css]
[netology.ru/_next/static/css/71320f01039d9b27.css]
[u.netology.ru/backend/uploads/page_assets/images/file/80561/Befront_Logo_1.svg]
[u.netology.ru/backend/uploads/page_assets/images/file/99521/graphic_hero_fe.webp]
[netology.ru/_next/static/media/tape.34d789f3.webp]
[u.netology.ru/backend/uploads/page_assets/images/file/99320/graphic_fe_1.webp]
[netology.ru/_next/static/media/diploma.2504c82a.webp]
[u.netology.ru/backend/uploads/page_assets/images/file/101448/graphic_utp.webp]
[u.netology.ru/backend/uploads/page_assets/images/file/100998/graphic_ocamid_goal_b_8.webp]
[u.netology.ru/backend/uploads/page_assets/images/file/95173/graphic_sib_practice_b_3.webp]
[u.netology.ru/backend/uploads/page_assets/images/file/99297/graphic_fsmid_project_1.webp]
[u.netology.ru/backend/uploads/page_assets/images/file/99298/graphic_fsmid_project_2.webp]
[u.netology.ru/backend/uploads/page_assets/images/file/99253/graphic_fsmid_project_4.webp]
[u.netology.ru/backend/uploads/page_assets/images/file/99252/graphic_fsmid_project_3.webp]
[u.netology.ru/backend/uploads/page_assets/images/file/99256/graphic_fsmid_8.webp]
[u.netology.ru/backend/uploads/page_assets/images/file/77735/output_compress-video-online.com_.webp]
[u.netology.ru/backend/uploads/page_assets/images/file/99242/graphic_fsmid_1.webp]
[u.netology.ru/backend/uploads/page_assets/images/file/99259/graphic_fsmid_7.webp]
[u.netology.ru/backend/uploads/page_assets/images/file/101280/graphic_modul_ii_1.webp]
[u.netology.ru/backend/uploads/page_assets/images/file/101282/graphic_modul_ii_3.webp]
[u.netology.ru/backend/uploads/page_assets/images/file/99240/graphic_bonus_fsmid.webp]
[u.netology.ru/backend/uploads/page_assets/images/file/95168/graphic_sib_bonus_b_2.webp]
[u.netology.ru/backend/uploads/page_assets/images/file/99362/graphic_bonus_fsmid_2.webp]
[u.netology.ru/backend/uploads/page_assets/images/file/95169/graphic_sib_bonus_b_3.webp]
[netology.ru/_next/static/media/phone.79eb111f.webp]
[netology.ru/_next/static/media/bgDesktop.597716f6.webp]
[netology.ru/_next/static/media/cardTick.5ecbacb7.webp]
[netology.ru/_next/static/media/skyeng.81109089.png]
[netology.ru/_next/static/media/1c.21da9f4f.webp]
[netology.ru/_next/static/media/lamoda.c317c957.png]
[netology.ru/_next/static/media/rambler.4d84d43c.png]
[netology.ru/_next/static/media/raiffeisen.f3b0476f.png]
[netology.ru/_next/static/media/vk.5ef37318.png]
[netology.ru/_next/static/media/ozon.ea105683.png]
[netology.ru/_next/static/media/agima.37feb496.png]
[netology.ru/_next/static/media/kaspersky.19b78786.png]
[netology.ru/_next/static/media/alfa.a68208a4.png]
[netology.ru/_next/static/media/2gis.0838573e.png]
[netology.ru/_next/static/media/gett.52261242.png]
[netology.ru/_next/static/media/aic.4bd385af.png]
[u.netology.ru/backend/uploads/page_assets/images/file/95017/graphic_neto_on_your_side_1.webp]
[u.netology.ru/backend/uploads/page_assets/images/file/95019/graphic_neto_on_your_side_2.webp]
[u.netology.ru/backend/uploads/page_assets/images/file/95020/graphic_neto_on_your_side_3.webp]
[netology.ru/_next/static/media/flower.69dc662c.webp]
[netology.ru/_next/static/media/torus_left.343fa4e6.webp]
[netology.ru/_next/static/media/torus_right.10e0ec6e.webp]
[netology.ru/programs/front-end-basic.html]
[cdn-app.sberdevices.ru/shared-static/0.0.0/styles/SBSansDisplay.0.2.0.css]
[cdn-app.sberdevices.ru/shared-static/0.0.0/styles/SBSansText.0.2.0.css]
[u.netology.ru/backend/uploads/page_assets/images/file/95420/desktop_bg_oca.svg]
[u.netology.ru/backend/uploads/page_assets/images/file/95187/mobile_bg-onecmid_b.svg]
[netology.ru/index.html]
[netology.ru/_next/static/css/6ea9d1e4c04571ea.css]
[netology.ru/_next/static/css/9236c469239853ab.css]
[netology.ru/_next/static/css/75a3438236d8e06a.css]
[netology.ru/_next/static/css/824c731af5c34f41.css]
[netology.ru/_next/static/css/eb7f74ab64b8c568.css]
[netology.ru/_next/static/css/f864dd9d37e8ae98.css]
[netology.ru/_next/static/css/bbcee5504bf22339.css]
[netology.ru/_next/static/css/71320f01039d9b27.css]
[u.netology.ru/backend/uploads/page_assets/images/file/80561/Befront_Logo_1.svg]
